// Jest Snapshot v1, https://goo.gl/fbAQLP

exports[`ResetPassword view template snapshot 1`] = `
<div>
  <h1>
    パスワード再設定
  </h1>
   
  <form>
    <div
      class="formbox"
    >
      <label>
        パスワード：
        
        <input
          name="password"
          placeholder="パスワード"
          type="password"
        />
      </label>
       
      <span
        class="error"
        style="display: none;"
      >
        
      </span>
    </div>
     
    <div
      class="formbox"
    >
      <label>
        パスワード(確認)：
        
        <input
          name="password_confirmation"
          placeholder="パスワード(確認)"
          type="password"
        />
      </label>
       
      <span
        class="error"
        style="display: none;"
      >
        
      </span>
    </div>
     
    <div
      class="formbox"
    >
      <button
        class="btn-square"
        type="submit"
      >
        パスワード再設定
      </button>
    </div>
  </form>
</div>
`;
